// Jest Snapshot v1, https://goo.gl/fbAQLP

exports[`Header component matches a snapshot 1`] = `
<header
  className="Header"
>
  <h1>
    Ryan and Marty Characters
  </h1>
  <nav>
    <Link
      to="/"
    >
      Back to List
    </Link>
  </nav>
</header>
`;
