// Jest Snapshot v1, https://goo.gl/fbAQLP

exports[`CharactersList component matches a snapshot 1`] = `
<div
  className="CharactersArray"
/>
`;
