// Jest Snapshot v1, https://goo.gl/fbAQLP

exports[`CharacterDetail component matches a snapshot 1`] = `
<div>
  <h1 />
</div>
`;
